[16876:27140:0313/173916.116:WARNING:chrome_main_delegate.cc(745)] This is Chrome version 128.0.6613.138 (not a warning)
[16876:27140:0313/173917.867:WARNING:account_consistency_mode_manager.cc(77)] Desktop Identity Consistency cannot be enabled as no OAuth client ID and client secret have been configured.
[16876:12028:0313/173925.522:WARNING:leveldb_database.cc(141)] Unable to open D:\GitHub\CU_Unreal_Engine\CU_Unreal_Engine\Saved\webcache_6613\Default\shared_proto_db\metadata: IO error: D:\GitHub\CU_Unreal_Engine\CU_Unreal_Engine\Saved\webcache_6613\Default\shared_proto_db\metadata/MANIFEST-000001: Unable to create sequential file (ChromeMethodBFE: 7::NewSequentialFile::1)
[16876:12028:0313/173925.523:WARNING:leveldb_database.cc(141)] Unable to open D:\GitHub\CU_Unreal_Engine\CU_Unreal_Engine\Saved\webcache_6613\Default\shared_proto_db\metadata: IO error: D:\GitHub\CU_Unreal_Engine\CU_Unreal_Engine\Saved\webcache_6613\Default\shared_proto_db\metadata/MANIFEST-000001: Unable to create sequential file (ChromeMethodBFE: 7::NewSequentialFile::1)
[16876:12028:0313/173925.526:WARNING:leveldb_database.cc(141)] Unable to open D:\GitHub\CU_Unreal_Engine\CU_Unreal_Engine\Saved\webcache_6613\Default\shared_proto_db\metadata: IO error: D:\GitHub\CU_Unreal_Engine\CU_Unreal_Engine\Saved\webcache_6613\Default\shared_proto_db\metadata/MANIFEST-000001: Unable to create sequential file (ChromeMethodBFE: 7::NewSequentialFile::1)
[16876:12028:0313/173925.527:WARNING:leveldb_database.cc(141)] Unable to open D:\GitHub\CU_Unreal_Engine\CU_Unreal_Engine\Saved\webcache_6613\Default\shared_proto_db\metadata: IO error: D:\GitHub\CU_Unreal_Engine\CU_Unreal_Engine\Saved\webcache_6613\Default\shared_proto_db\metadata/MANIFEST-000001: Unable to create sequential file (ChromeMethodBFE: 7::NewSequentialFile::1)
[15036:20924:0313/173926.008:ERROR:backend_impl.cc(1370)] Unable to map Index file
[16876:12920:0313/173927.370:WARNING:leveldb_database.cc(141)] Unable to open D:\GitHub\CU_Unreal_Engine\CU_Unreal_Engine\Saved\webcache_6613\Default\GCM Store\Encryption: IO error: D:\GitHub\CU_Unreal_Engine\CU_Unreal_Engine\Saved\webcache_6613\Default\GCM Store\Encryption/MANIFEST-000001: Unable to create sequential file (ChromeMethodBFE: 7::NewSequentialFile::1)
[16876:12028:0313/173929.237:WARNING:value_store_frontend.cc(47)] Reading ahfgeienlihckogmohjhadlkjgocpleb.alarms from  failed: IO error: .../MANIFEST-000001: Unable to create sequential file (ChromeMethodBFE: 7::NewSequentialFile::1)
[16876:12028:0313/173929.244:WARNING:value_store_frontend.cc(47)] Reading mhjfbmdgcfjbbpaeojofohoefgiehjai.alarms from  failed: IO error: .../MANIFEST-000001: Unable to create sequential file (ChromeMethodBFE: 7::NewSequentialFile::1)
[11060:23472:0313/173929.616:WARNING:frame_impl.cc(430)] virtual CefFrameImpl::SendProcessMessage sent to detached frame 5-65D4BB5D62E121BCD42FBF4019CE1FB5 will be ignored
[16876:11744:0313/173930.038:ERROR:cast_crl.cc(443)] CRL - Verification failed.
[25996:5520:0313/173931.208:WARNING:frame_impl.cc(430)] virtual CefFrameImpl::SendProcessMessage sent to detached frame 6-15971FE488F3BBACF3D99AA2606609B1 will be ignored
[18084:24420:0313/173931.373:ERROR:shared_image_manager.cc(224)] SharedImageManager::ProduceSkia: Trying to Produce a Skia representation from a non-existent mailbox.
[16876:27140:0313/173946.521:WARNING:page_discarding_helper.cc(138)] Discarding multiple pages with target (kb): 0
[16876:27140:0313/174157.189:WARNING:page_discarding_helper.cc(138)] Discarding multiple pages with target (kb): 0
[16876:27140:0313/174202.189:WARNING:page_discarding_helper.cc(138)] Discarding multiple pages with target (kb): 0
[16876:27140:0313/174207.246:WARNING:page_discarding_helper.cc(138)] Discarding multiple pages with target (kb): 0
[16876:27140:0313/174212.320:WARNING:page_discarding_helper.cc(138)] Discarding multiple pages with target (kb): 0
[16876:27140:0313/180149.689:ERROR:device_event_log_impl.cc(196)] [18:01:49.615] USB: usb_service_win.cc:105 SetupDiGetDeviceProperty({{A45C254E-DF1C-4EFD-8020-67D146A850E0}, 6}) failed: Element not found. (0x490)
[16876:27140:0313/180216.839:WARNING:pref_notifier_impl.cc(41)] Pref observer for media_router.cast_allow_all_ips found at shutdown.
