[20989:20989:0127/184326.966662:WARNING:sandbox_linux.cc(430)] InitializeSandbox() called with multiple threads in process gpu-process.
[21059:21059:0127/184353.299353:WARNING:frame_impl.cc(430)] SendProcessMessage sent to detached frame 5-502911AEAA87F895FDF47ABD706919C1 will be ignored
[25154:25154:0127/205724.992710:WARNING:sandbox_linux.cc(430)] InitializeSandbox() called with multiple threads in process gpu-process.
[25217:25217:0127/205736.358394:WARNING:frame_impl.cc(430)] SendProcessMessage sent to detached frame 5-C7B9EA74FCF30CA9DF707FE2459E9FCB will be ignored
[25216:25216:0127/205944.399007:WARNING:frame_impl.cc(430)] SendProcessMessage sent to detached frame 6-9490C076DDB001BBCD8153AD413D49C8 will be ignored
[5587:5587:0127/210400.398785:WARNING:sandbox_linux.cc(430)] InitializeSandbox() called with multiple threads in process gpu-process.
[5651:5651:0127/210409.028701:WARNING:frame_impl.cc(430)] SendProcessMessage sent to detached frame 5-7178B9DDB05DC9B65E490415A18A1B05 will be ignored
[6501:6501:0127/214012.754596:WARNING:sandbox_linux.cc(430)] InitializeSandbox() called with multiple threads in process gpu-process.
[6563:6563:0127/214022.188590:WARNING:frame_impl.cc(430)] SendProcessMessage sent to detached frame 5-F32D404679D5CA1004B08D3689C69CCD will be ignored
[1293405:1293405:0129/152801.516356:WARNING:sandbox_linux.cc(430)] InitializeSandbox() called with multiple threads in process gpu-process.
[1293466:1293466:0129/152810.633227:WARNING:frame_impl.cc(430)] SendProcessMessage sent to detached frame 5-8F1E2480BA8A2916D903F48DAC8879AF will be ignored
[6971:6971:0129/171232.406715:WARNING:sandbox_linux.cc(430)] InitializeSandbox() called with multiple threads in process gpu-process.
[7034:7034:0129/171242.769950:WARNING:frame_impl.cc(430)] SendProcessMessage sent to detached frame 5-5794B55986E60C1F10B73478BB6785AC will be ignored
[9484:9484:0129/172410.565325:WARNING:sandbox_linux.cc(430)] InitializeSandbox() called with multiple threads in process gpu-process.
[9543:9543:0129/172420.484563:WARNING:frame_impl.cc(430)] SendProcessMessage sent to detached frame 5-050383EBD307D066A73DECBF4E57E1A2 will be ignored
[19026:19026:0129/180922.964152:WARNING:sandbox_linux.cc(430)] InitializeSandbox() called with multiple threads in process gpu-process.
[19090:19090:0129/180930.361440:WARNING:frame_impl.cc(430)] SendProcessMessage sent to detached frame 5-0D06384F432AF05F4E43F111D20680D7 will be ignored
[13026:13026:0203/172613.998785:WARNING:sandbox_linux.cc(430)] InitializeSandbox() called with multiple threads in process gpu-process.
[13102:13102:0203/172627.731929:WARNING:frame_impl.cc(430)] SendProcessMessage sent to detached frame 5-B844BAB1E900F3A69EDFC25EAAA704F5 will be ignored
[13100:13100:0203/183435.635888:WARNING:frame_impl.cc(430)] SendProcessMessage sent to detached frame 6-EF9660E9B256FD6B9467E1CE7E47A5B5 will be ignored
[24063:24063:0203/183544.983465:WARNING:sandbox_linux.cc(430)] InitializeSandbox() called with multiple threads in process gpu-process.
[24134:24134:0203/183615.777442:WARNING:frame_impl.cc(430)] SendProcessMessage sent to detached frame 5-6F09CC2A3744D3D7AE96A1834FB48161 will be ignored
[6414:6414:0205/171850.636596:WARNING:sandbox_linux.cc(430)] InitializeSandbox() called with multiple threads in process gpu-process.
[6490:6490:0205/171921.600319:WARNING:frame_impl.cc(430)] SendProcessMessage sent to detached frame 5-76117FB3A42012A2787169B1934A2A40 will be ignored
[14361:14361:0205/182259.029676:WARNING:sandbox_linux.cc(430)] InitializeSandbox() called with multiple threads in process gpu-process.
[14428:14428:0205/182313.719608:WARNING:frame_impl.cc(430)] SendProcessMessage sent to detached frame 5-53DA866683172F0365CCA1CA94C1B2CC will be ignored
[20466:20466:0205/183311.632525:WARNING:sandbox_linux.cc(430)] InitializeSandbox() called with multiple threads in process gpu-process.
[20525:20525:0205/183320.050132:WARNING:frame_impl.cc(430)] SendProcessMessage sent to detached frame 5-D1AF394F6BA0781F83564C66CDE5F2FD will be ignored
[12031:12031:0210/173450.793640:WARNING:sandbox_linux.cc(430)] InitializeSandbox() called with multiple threads in process gpu-process.
[12091:12091:0210/173520.980682:WARNING:frame_impl.cc(430)] SendProcessMessage sent to detached frame 5-8DEF3A4608F2E9ED3E8710FDC8DAC89D will be ignored
[22692:22692:0212/173044.954770:WARNING:sandbox_linux.cc(430)] InitializeSandbox() called with multiple threads in process gpu-process.
[22756:22756:0212/173053.860112:WARNING:frame_impl.cc(430)] SendProcessMessage sent to detached frame 5-01DDBE94EEA3849F4B232B24B976B7C5 will be ignored
